`[root][[93msplith[0m] root
└──[[35moutput[0m] DP-0
   └──[[34mcon[0m][[93msplith[0m] content
      ├──[[36mworkspace[0m][[93msplith[0m] 1
      │  ├──[[34mcon[0m] Justin no Twitter: "@ThatsMauvelous Fun Fact: Microsoft paid for both sync + master license for "Start Me Up" from the Rolling Stones for the Windows XP. Video editor of the TV ad was a huge Stones fan, and when the licensed files were delivered to him for editing he said they weren't the masters. 1/2" / Twitter — Mozilla Firefox
      │  ├──[[34mcon[0m] Rebuilding My Personal Infrastructure With Alpine Linux and Docker - WezM.net by Wesley Moore — Mozilla Firefox
      │  ├──[[34mcon[0m] web_development_with_go — Mozilla Firefox
      │  └──[[34mcon[0m] Linux Academy | Log In — Mozilla Firefox
      ├──[[36mworkspace[0m][[93msplith[0m] 2
      │  └──[[34mcon[0m] "But my system is really complex!" - Choosing a Good SLI | Coursera — Mozilla Firefox
      ├──[[36mworkspace[0m][[93msplith[0m] 3
      │  └──[[34mcon[0m][[92mstacked[0m]
      │     ├──[[34mcon[0m] tmux /home/eduardo
      │     └──[[34mcon[0m] autogold/autogold.go at main · hexops/autogold — Mozilla Firefox
      └──[[36mworkspace[0m][[93msplith[0m] 6
         ├──[[34mcon[0m][[92mstacked[0m]
         │  ├──[[34mcon[0m] Binary Trees · Ninety-nine Problems, Solved in Elm — Mozilla Firefox
         │  └──[[34mcon[0m][[92mstacked[0m]
         │     └──[[34mcon[0m] GoLab 2019 - Eleanor McHugh - Keynote: An Introduction To Functional Programming In Go - YouTube — Mozilla Firefox
         └──[[34mcon[0m] tmux /home/eduardo/tmp
`
