&i3.Tree{Root: &i3.Node{
	ID:                 i3.NodeID(94819115939664),
	Name:               "root",
	Type:               i3.NodeType("root"),
	Border:             i3.BorderStyle("normal"),
	CurrentBorderWidth: -1,
	Layout:             i3.Layout("splith"),
	Rect: i3.Rect{
		Width:  3840,
		Height: 2160,
	},
	Marks: []string{},
	Focus: []i3.NodeID{
		i3.NodeID(94819115951808),
		i3.NodeID(94819115942016),
	},
	Nodes: []*i3.Node{
		&i3.Node{
			ID:                 i3.NodeID(94819115942016),
			Name:               "__i3",
			Type:               i3.NodeType("output"),
			Border:             i3.BorderStyle("normal"),
			CurrentBorderWidth: -1,
			Layout:             i3.Layout("output"),
			Percent:            0.5,
			Rect: i3.Rect{
				Width:  3840,
				Height: 2160,
			},
			Marks: []string{},
			Focus: []i3.NodeID{i3.NodeID(94819115945168)},
			Nodes: []*i3.Node{&i3.Node{
				ID:                 i3.NodeID(94819115945168),
				Name:               "content",
				Type:               i3.NodeType("con"),
				Border:             i3.BorderStyle("normal"),
				CurrentBorderWidth: -1,
				Layout:             i3.Layout("splith"),
				Marks:              []string{},
				Focus:              []i3.NodeID{i3.NodeID(94819115948400)},
				Nodes: []*i3.Node{&i3.Node{
					ID:                 i3.NodeID(94819115948400),
					Name:               "__i3_scratch",
					Type:               i3.NodeType("workspace"),
					Border:             i3.BorderStyle("normal"),
					CurrentBorderWidth: -1,
					Layout:             i3.Layout("splith"),
					Marks:              []string{},
					FullscreenMode:     i3.FullscreenMode(1),
					Focus:              []i3.NodeID{i3.NodeID(94819117217120)},
					Nodes:              []*i3.Node{},
					FloatingNodes: []*i3.Node{&i3.Node{
						ID:                 i3.NodeID(94819117217120),
						Type:               i3.NodeType("floating_con"),
						Border:             i3.BorderStyle("normal"),
						CurrentBorderWidth: -1,
						Layout:             i3.Layout("splith"),
						Rect: i3.Rect{
							X:      1474,
							Y:      2229,
							Width:  892,
							Height: 631,
						},
						Marks: []string{},
						Focus: []i3.NodeID{i3.NodeID(94819115987376)},
						Nodes: []*i3.Node{&i3.Node{
							ID:                 i3.NodeID(94819115987376),
							Name:               "/usr/bin/fish",
							Type:               i3.NodeType("con"),
							Border:             i3.BorderStyle("pixel"),
							CurrentBorderWidth: 5,
							Layout:             i3.Layout("splith"),
							Percent:            1,
							Rect: i3.Rect{
								X:      1474,
								Y:      2229,
								Width:  892,
								Height: 631,
							},
							WindowRect: i3.Rect{
								X:      5,
								Y:      5,
								Width:  882,
								Height: 621,
							},
							Geometry: i3.Rect{
								Width:  882,
								Height: 621,
							},
							Window: 50331655,
							WindowProperties: i3.WindowProperties{
								Title:    "/usr/bin/fish",
								Instance: "terminator",
								Class:    "Terminator",
								Role:     "vimwiki",
							},
							Marks:         []string{},
							WindowType:    "normal",
							Focus:         []i3.NodeID{},
							Nodes:         []*i3.Node{},
							FloatingNodes: []*i3.Node{},
						}},
						FloatingNodes: []*i3.Node{},
					}},
				}},
				FloatingNodes: []*i3.Node{},
			}},
			FloatingNodes: []*i3.Node{},
		},
		&i3.Node{
			ID:                 i3.NodeID(94819115951808),
			Name:               "DP-0",
			Type:               i3.NodeType("output"),
			Border:             i3.BorderStyle("normal"),
			CurrentBorderWidth: -1,
			Layout:             i3.Layout("output"),
			Percent:            0.5,
			Rect: i3.Rect{
				Width:  3840,
				Height: 2160,
			},
			Marks: []string{},
			Focus: []i3.NodeID{
				i3.NodeID(94819115958304),
				i3.NodeID(94819115955040),
				i3.NodeID(94819115961568),
			},
			Nodes: []*i3.Node{
				&i3.Node{
					ID:                 i3.NodeID(94819115955040),
					Name:               "topdock",
					Type:               i3.NodeType("dockarea"),
					Border:             i3.BorderStyle("normal"),
					CurrentBorderWidth: -1,
					Layout:             i3.Layout("dockarea"),
					Rect: i3.Rect{
						Width:  3840,
						Height: 32,
					},
					Marks: []string{},
					Focus: []i3.NodeID{i3.NodeID(94819115991920)},
					Nodes: []*i3.Node{&i3.Node{
						ID:                 i3.NodeID(94819115991920),
						Name:               "Top Expanded Edge Panel",
						Type:               i3.NodeType("con"),
						Border:             i3.BorderStyle("none"),
						CurrentBorderWidth: 2,
						Layout:             i3.Layout("splith"),
						Percent:            1,
						Rect: i3.Rect{
							Width:  3840,
							Height: 32,
						},
						WindowRect: i3.Rect{
							Width:  3840,
							Height: 32,
						},
						Geometry: i3.Rect{
							Y:      4294967264,
							Width:  3840,
							Height: 32,
						},
						Window: 46137347,
						WindowProperties: i3.WindowProperties{
							Title:    "Top Expanded Edge Panel",
							Instance: "gnome-panel",
							Class:    "Gnome-panel",
						},
						Marks:         []string{},
						WindowType:    "unknown",
						Focus:         []i3.NodeID{},
						Nodes:         []*i3.Node{},
						FloatingNodes: []*i3.Node{},
					}},
					FloatingNodes: []*i3.Node{},
				},
				&i3.Node{
					ID:                 i3.NodeID(94819115958304),
					Name:               "content",
					Type:               i3.NodeType("con"),
					Border:             i3.BorderStyle("normal"),
					CurrentBorderWidth: -1,
					Layout:             i3.Layout("splith"),
					Rect: i3.Rect{
						Y:      32,
						Width:  3840,
						Height: 2088,
					},
					Marks: []string{},
					Focus: []i3.NodeID{
						i3.NodeID(94819116811520),
						i3.NodeID(94819115673456),
						i3.NodeID(94819116030416),
						i3.NodeID(94819116002832),
					},
					Nodes: []*i3.Node{
						&i3.Node{
							ID:                 i3.NodeID(94819116030416),
							Name:               "1",
							Type:               i3.NodeType("workspace"),
							Border:             i3.BorderStyle("normal"),
							CurrentBorderWidth: -1,
							Layout:             i3.Layout("splith"),
							Percent:            0.25,
							Rect: i3.Rect{
								Y:      32,
								Width:  3840,
								Height: 2088,
							},
							Marks: []string{},
							Focus: []i3.NodeID{
								i3.NodeID(94819116148752),
								i3.NodeID(94819116135104),
								i3.NodeID(94819116130224),
								i3.NodeID(94819116104848),
							},
							Nodes: []*i3.Node{
								&i3.Node{
									ID:                 i3.NodeID(94819116104848),
									Name:               "Twitter - Mozilla Firefox",
									Type:               i3.NodeType("con"),
									Border:             i3.BorderStyle("pixel"),
									CurrentBorderWidth: 5,
									Layout:             i3.Layout("splith"),
									Percent:            0.25,
									Rect: i3.Rect{
										Y:      32,
										Width:  960,
										Height: 2088,
									},
									WindowRect: i3.Rect{
										X:      5,
										Y:      5,
										Width:  950,
										Height: 2078,
									},
									Geometry: i3.Rect{
										Width:  950,
										Height: 2078,
									},
									Window: 85983235,
									WindowProperties: i3.WindowProperties{
										Title:    "Twitter - Mozilla Firefox",
										Instance: "Navigator",
										Class:    "Firefox",
										Role:     "browser",
									},
									Marks:         []string{},
									WindowType:    "normal",
									Focus:         []i3.NodeID{},
									Nodes:         []*i3.Node{},
									FloatingNodes: []*i3.Node{},
								},
								&i3.Node{
									ID:                 i3.NodeID(94819116130224),
									Name:               "Rebuilding My Personal Infrastructure With Alpine Linux and Docker - WezM.net by Wesley Moore — Mozilla Firefox",
									Type:               i3.NodeType("con"),
									Border:             i3.BorderStyle("pixel"),
									CurrentBorderWidth: 5,
									Layout:             i3.Layout("splith"),
									Percent:            0.25,
									Rect: i3.Rect{
										X:      960,
										Y:      32,
										Width:  960,
										Height: 2088,
									},
									WindowRect: i3.Rect{
										X:      5,
										Y:      5,
										Width:  950,
										Height: 2078,
									},
									Geometry: i3.Rect{
										X:      1920,
										Y:      32,
										Width:  950,
										Height: 2078,
									},
									Window: 85983317,
									WindowProperties: i3.WindowProperties{
										Title:    "Rebuilding My Personal Infrastructure With Alpine Linux and Docker - WezM.net by Wesley Moore — Mozilla Firefox",
										Instance: "Navigator",
										Class:    "Firefox",
										Role:     "browser",
									},
									Marks:         []string{},
									WindowType:    "normal",
									Focus:         []i3.NodeID{},
									Nodes:         []*i3.Node{},
									FloatingNodes: []*i3.Node{},
								},
								&i3.Node{
									ID:                 i3.NodeID(94819116135104),
									Name:               "web_development_with_go — Mozilla Firefox",
									Type:               i3.NodeType("con"),
									Border:             i3.BorderStyle("pixel"),
									CurrentBorderWidth: 5,
									Layout:             i3.Layout("splith"),
									Percent:            0.25,
									Rect: i3.Rect{
										X:      1920,
										Y:      32,
										Width:  960,
										Height: 2088,
									},
									WindowRect: i3.Rect{
										X:      5,
										Y:      5,
										Width:  950,
										Height: 2078,
									},
									Geometry: i3.Rect{
										X:      2880,
										Y:      32,
										Width:  950,
										Height: 2078,
									},
									Window: 85983328,
									WindowProperties: i3.WindowProperties{
										Title:    "web_development_with_go — Mozilla Firefox",
										Instance: "Navigator",
										Class:    "Firefox",
										Role:     "browser",
									},
									Marks:         []string{},
									WindowType:    "normal",
									Focus:         []i3.NodeID{},
									Nodes:         []*i3.Node{},
									FloatingNodes: []*i3.Node{},
								},
								&i3.Node{
									ID:                 i3.NodeID(94819116148752),
									Name:               "Linux Academy | Log In — Mozilla Firefox",
									Type:               i3.NodeType("con"),
									Border:             i3.BorderStyle("pixel"),
									CurrentBorderWidth: 5,
									Layout:             i3.Layout("splith"),
									Percent:            0.25,
									Rect: i3.Rect{
										X:      2880,
										Y:      32,
										Width:  960,
										Height: 2088,
									},
									WindowRect: i3.Rect{
										X:      5,
										Y:      5,
										Width:  950,
										Height: 2078,
									},
									Geometry: i3.Rect{
										Y:      80,
										Width:  1910,
										Height: 2035,
									},
									Window: 85983339,
									WindowProperties: i3.WindowProperties{
										Title:    "Linux Academy | Log In — Mozilla Firefox",
										Instance: "Navigator",
										Class:    "Firefox",
										Role:     "browser",
									},
									Marks:         []string{},
									WindowType:    "normal",
									Focus:         []i3.NodeID{},
									Nodes:         []*i3.Node{},
									FloatingNodes: []*i3.Node{},
								},
							},
							FloatingNodes: []*i3.Node{},
						},
						&i3.Node{
							ID:                 i3.NodeID(94819115673456),
							Name:               "2",
							Type:               i3.NodeType("workspace"),
							Border:             i3.BorderStyle("normal"),
							CurrentBorderWidth: -1,
							Layout:             i3.Layout("splith"),
							Percent:            0.25,
							Rect: i3.Rect{
								Y:      32,
								Width:  3840,
								Height: 2088,
							},
							Marks: []string{},
							Focus: []i3.NodeID{i3.NodeID(94819116142272)},
							Nodes: []*i3.Node{&i3.Node{
								ID:                 i3.NodeID(94819116142272),
								Name:               `"But my system is really complex!" - Choosing a Good SLI | Coursera — Mozilla Firefox`,
								Type:               i3.NodeType("con"),
								Border:             i3.BorderStyle("pixel"),
								CurrentBorderWidth: 5,
								Layout:             i3.Layout("splith"),
								Percent:            1,
								Rect: i3.Rect{
									Y:      32,
									Width:  3840,
									Height: 2088,
								},
								WindowRect: i3.Rect{
									X:      5,
									Y:      5,
									Width:  3830,
									Height: 2078,
								},
								Geometry: i3.Rect{
									X:      960,
									Y:      32,
									Width:  950,
									Height: 2078,
								},
								Window: 85983306,
								WindowProperties: i3.WindowProperties{
									Title:    `"But my system is really complex!" - Choosing a Good SLI | Coursera — Mozilla Firefox`,
									Instance: "Navigator",
									Class:    "Firefox",
									Role:     "browser",
								},
								Marks:         []string{},
								WindowType:    "normal",
								Focus:         []i3.NodeID{},
								Nodes:         []*i3.Node{},
								FloatingNodes: []*i3.Node{},
							}},
							FloatingNodes: []*i3.Node{},
						},
						&i3.Node{
							ID:                 i3.NodeID(94819116811520),
							Name:               "3",
							Type:               i3.NodeType("workspace"),
							Border:             i3.BorderStyle("normal"),
							CurrentBorderWidth: -1,
							Layout:             i3.Layout("splith"),
							Percent:            0.25,
							Rect: i3.Rect{
								Y:      32,
								Width:  3840,
								Height: 2088,
							},
							Marks:          []string{},
							FullscreenMode: i3.FullscreenMode(1),
							Focus:          []i3.NodeID{i3.NodeID(94819116096112)},
							Nodes: []*i3.Node{&i3.Node{
								ID:                 i3.NodeID(94819116096112),
								Type:               i3.NodeType("con"),
								Border:             i3.BorderStyle("normal"),
								CurrentBorderWidth: -1,
								Layout:             i3.Layout("stacked"),
								Rect: i3.Rect{
									Y:      32,
									Width:  3840,
									Height: 2088,
								},
								Marks: []string{},
								Focus: []i3.NodeID{
									i3.NodeID(94819116169936),
									i3.NodeID(94819116158400),
								},
								Nodes: []*i3.Node{
									&i3.Node{
										ID:                 i3.NodeID(94819116158400),
										Name:               "Go by Example: Reading Files — Mozilla Firefox",
										Type:               i3.NodeType("con"),
										Border:             i3.BorderStyle("pixel"),
										CurrentBorderWidth: 5,
										Layout:             i3.Layout("splith"),
										Percent:            0.5,
										Rect: i3.Rect{
											Y:      80,
											Width:  3840,
											Height: 2040,
										},
										WindowRect: i3.Rect{
											X:      5,
											Width:  3830,
											Height: 2035,
										},
										DecoRect: i3.Rect{
											Width:  3840,
											Height: 24,
										},
										Geometry: i3.Rect{
											Width:  1914,
											Height: 2035,
										},
										Window: 78094047,
										WindowProperties: i3.WindowProperties{
											Title:    "Go by Example: Reading Files — Mozilla Firefox",
											Instance: "Navigator",
											Class:    "Firefox",
											Role:     "browser",
										},
										Marks:         []string{},
										WindowType:    "normal",
										Focus:         []i3.NodeID{},
										Nodes:         []*i3.Node{},
										FloatingNodes: []*i3.Node{},
									},
									&i3.Node{
										ID:                 i3.NodeID(94819116169936),
										Name:               "tmux /home/eduardo",
										Type:               i3.NodeType("con"),
										Border:             i3.BorderStyle("pixel"),
										CurrentBorderWidth: 5,
										Layout:             i3.Layout("splith"),
										Percent:            0.5,
										Rect: i3.Rect{
											Y:      80,
											Width:  3840,
											Height: 2040,
										},
										WindowRect: i3.Rect{
											X:      5,
											Width:  3830,
											Height: 2035,
										},
										DecoRect: i3.Rect{
											Y:      24,
											Width:  3840,
											Height: 24,
										},
										Geometry: i3.Rect{
											Width:  882,
											Height: 621,
										},
										Window: 50639709,
										WindowProperties: i3.WindowProperties{
											Title:    "tmux /home/eduardo",
											Instance: "terminator",
											Class:    "Terminator",
										},
										Marks:         []string{},
										Focused:       true,
										WindowType:    "normal",
										Focus:         []i3.NodeID{},
										Nodes:         []*i3.Node{},
										FloatingNodes: []*i3.Node{},
									},
								},
								FloatingNodes: []*i3.Node{},
							}},
							FloatingNodes: []*i3.Node{},
						},
						&i3.Node{
							ID:                 i3.NodeID(94819116002832),
							Name:               "6",
							Type:               i3.NodeType("workspace"),
							Border:             i3.BorderStyle("normal"),
							CurrentBorderWidth: -1,
							Layout:             i3.Layout("splith"),
							Percent:            0.25,
							Rect: i3.Rect{
								Y:      32,
								Width:  3840,
								Height: 2088,
							},
							Marks: []string{},
							Focus: []i3.NodeID{
								i3.NodeID(94819116277424),
								i3.NodeID(94819116790128),
							},
							Nodes: []*i3.Node{
								&i3.Node{
									ID:                 i3.NodeID(94819116277424),
									Type:               i3.NodeType("con"),
									Border:             i3.BorderStyle("normal"),
									CurrentBorderWidth: -1,
									Layout:             i3.Layout("stacked"),
									Percent:            0.5010416666666667,
									Rect: i3.Rect{
										Y:      32,
										Width:  1924,
										Height: 2088,
									},
									Marks: []string{},
									Focus: []i3.NodeID{
										i3.NodeID(94819116058832),
										i3.NodeID(94819116052880),
									},
									Nodes: []*i3.Node{
										&i3.Node{
											ID:                 i3.NodeID(94819116058832),
											Name:               "Binary Trees · Ninety-nine Problems, Solved in Elm — Mozilla Firefox",
											Type:               i3.NodeType("con"),
											Border:             i3.BorderStyle("pixel"),
											CurrentBorderWidth: 5,
											Layout:             i3.Layout("splith"),
											Percent:            0.5519549395743402,
											Rect: i3.Rect{
												Y:      80,
												Width:  1924,
												Height: 2040,
											},
											WindowRect: i3.Rect{
												X:      5,
												Width:  1914,
												Height: 2035,
											},
											DecoRect: i3.Rect{
												Width:  1924,
												Height: 24,
											},
											Geometry: i3.Rect{
												Width:  1910,
												Height: 1987,
											},
											Window: 77594627,
											WindowProperties: i3.WindowProperties{
												Title:    "Binary Trees · Ninety-nine Problems, Solved in Elm — Mozilla Firefox",
												Instance: "Navigator",
												Class:    "Firefox",
												Role:     "browser",
											},
											Marks:         []string{},
											WindowType:    "normal",
											Focus:         []i3.NodeID{},
											Nodes:         []*i3.Node{},
											FloatingNodes: []*i3.Node{},
										},
										&i3.Node{
											ID:                 i3.NodeID(94819116052880),
											Type:               i3.NodeType("con"),
											Border:             i3.BorderStyle("normal"),
											CurrentBorderWidth: -1,
											Layout:             i3.Layout("stacked"),
											Percent:            0.4480450604256597,
											Rect: i3.Rect{
												Y:      80,
												Width:  1924,
												Height: 2040,
											},
											DecoRect: i3.Rect{
												Y:      24,
												Width:  1924,
												Height: 24,
											},
											Marks: []string{},
											Focus: []i3.NodeID{i3.NodeID(94819116156576)},
											Nodes: []*i3.Node{&i3.Node{
												ID:                 i3.NodeID(94819116156576),
												Name:               "GoLab 2019 - Eleanor McHugh - Keynote: An Introduction To Functional Programming In Go - YouTube — Mozilla Firefox",
												Type:               i3.NodeType("con"),
												Border:             i3.BorderStyle("pixel"),
												CurrentBorderWidth: 5,
												Layout:             i3.Layout("splith"),
												Percent:            1,
												Rect: i3.Rect{
													Y:      80,
													Width:  1924,
													Height: 2040,
												},
												WindowRect: i3.Rect{
													X:      5,
													Y:      5,
													Width:  1914,
													Height: 2030,
												},
												DecoRect: i3.Rect{
													Width:  1924,
													Height: 24,
												},
												Geometry: i3.Rect{
													X:      1061,
													Y:      125,
													Width:  1910,
													Height: 2035,
												},
												Window: 77647910,
												WindowProperties: i3.WindowProperties{
													Title:    "GoLab 2019 - Eleanor McHugh - Keynote: An Introduction To Functional Programming In Go - YouTube — Mozilla Firefox",
													Instance: "Navigator",
													Class:    "Firefox",
													Role:     "browser",
												},
												Marks:         []string{},
												WindowType:    "normal",
												Focus:         []i3.NodeID{},
												Nodes:         []*i3.Node{},
												FloatingNodes: []*i3.Node{},
											}},
											FloatingNodes: []*i3.Node{},
										},
									},
									FloatingNodes: []*i3.Node{},
								},
								&i3.Node{
									ID:                 i3.NodeID(94819116790128),
									Name:               "tmux /home/eduardo/tmp",
									Type:               i3.NodeType("con"),
									Border:             i3.BorderStyle("pixel"),
									CurrentBorderWidth: 5,
									Layout:             i3.Layout("splith"),
									Percent:            0.49895833333333334,
									Rect: i3.Rect{
										X:      1924,
										Y:      32,
										Width:  1916,
										Height: 2088,
									},
									WindowRect: i3.Rect{
										X:      5,
										Y:      5,
										Width:  1906,
										Height: 2078,
									},
									Geometry: i3.Rect{
										Width:  882,
										Height: 621,
									},
									Window: 50488414,
									WindowProperties: i3.WindowProperties{
										Title:    "tmux /home/eduardo/tmp",
										Instance: "terminator",
										Class:    "Terminator",
									},
									Marks:         []string{},
									WindowType:    "normal",
									Focus:         []i3.NodeID{},
									Nodes:         []*i3.Node{},
									FloatingNodes: []*i3.Node{},
								},
							},
							FloatingNodes: []*i3.Node{},
						},
					},
					FloatingNodes: []*i3.Node{},
				},
				&i3.Node{
					ID:                 i3.NodeID(94819115961568),
					Name:               "bottomdock",
					Type:               i3.NodeType("dockarea"),
					Border:             i3.BorderStyle("normal"),
					CurrentBorderWidth: -1,
					Layout:             i3.Layout("dockarea"),
					Rect: i3.Rect{
						Y:      2120,
						Width:  3840,
						Height: 40,
					},
					Marks: []string{},
					Focus: []i3.NodeID{i3.NodeID(94819117328224)},
					Nodes: []*i3.Node{&i3.Node{
						ID:                 i3.NodeID(94819117328224),
						Name:               "i3bar for output DP-0",
						Type:               i3.NodeType("con"),
						Border:             i3.BorderStyle("normal"),
						CurrentBorderWidth: 2,
						Layout:             i3.Layout("splith"),
						Percent:            1,
						Rect: i3.Rect{
							Y:      2120,
							Width:  3840,
							Height: 40,
						},
						WindowRect: i3.Rect{
							Width:  3840,
							Height: 40,
						},
						Geometry: i3.Rect{
							Y:      2120,
							Width:  3840,
							Height: 40,
						},
						Window: 41943144,
						WindowProperties: i3.WindowProperties{
							Title:    "i3bar for output DP-0",
							Instance: "bar-0",
							Class:    "i3bar",
						},
						Marks:         []string{},
						WindowType:    "unknown",
						Focus:         []i3.NodeID{},
						Nodes:         []*i3.Node{},
						FloatingNodes: []*i3.Node{},
					}},
					FloatingNodes: []*i3.Node{},
				},
			},
			FloatingNodes: []*i3.Node{},
		},
	},
	FloatingNodes: []*i3.Node{},
}}
